
> cinelog-infocus@2.4.1 build
> tsc && vite build

src/App.test.tsx(15,7): error TS2741: Property 'getMovieDetails' is missing in type '{ getTrending: Mock<Procedure>; search: Mock<Procedure>; getById: Mock<Procedure>; add: Mock<Procedure>; delete: Mock<...>; update: Mock<...>; exists: Mock<...>; }' but required in type 'MovieServiceAdapter'.
src/core/conductor/MovieConductor.test.ts(10,7): error TS2741: Property 'getMovieDetails' is missing in type '{ getTrending: Mock<Procedure>; search: Mock<Procedure>; getById: Mock<Procedure>; add: Mock<Procedure>; delete: Mock<...>; update: Mock<...>; exists: Mock<...>; }' but required in type 'MovieServiceAdapter'.
tests/e2e/details.spec.ts(99,18): error TS2304: Cannot find name 'modal'.
